{
  "Entries": [
    {
      "RequestUri": "/subscriptions/e68d4145-c9ae-4667-925d-c51c8d88ad73/resourcegroups/hydratestdnsrg1558?api-version=2014-04-01-preview",
      "EncodedRequestUri": "L3N1YnNjcmlwdGlvbnMvZTY4ZDQxNDUtYzlhZS00NjY3LTkyNWQtYzUxYzhkODhhZDczL3Jlc291cmNlZ3JvdXBzL2h5ZHJhdGVzdGRuc3JnMTU1OD9hcGktdmVyc2lvbj0yMDE0LTA0LTAxLXByZXZpZXc=",
      "RequestMethod": "PUT",
      "RequestBody": "{\r\n  \"location\": \"Central US\"\r\n}",
      "RequestHeaders": {
        "Content-Type": [
          "application/json; charset=utf-8"
        ],
        "Content-Length": [
          "32"
        ],
        "User-Agent": [
          "Microsoft.Azure.Management.Resources.ResourceManagementClient/2.0.0.0"
        ]
      },
      "ResponseBody": "{\r\n  \"id\": \"/subscriptions/e68d4145-c9ae-4667-925d-c51c8d88ad73/resourceGroups/hydratestdnsrg1558\",\r\n  \"name\": \"hydratestdnsrg1558\",\r\n  \"location\": \"centralus\",\r\n  \"properties\": {\r\n    \"provisioningState\": \"Succeeded\"\r\n  }\r\n}",
      "ResponseHeaders": {
        "Content-Length": [
          "192"
        ],
        "Content-Type": [
          "application/json; charset=utf-8"
        ],
        "Expires": [
          "-1"
        ],
        "Pragma": [
          "no-cache"
        ],
        "x-ms-ratelimit-remaining-subscription-writes": [
          "1198"
        ],
        "x-ms-request-id": [
          "0aa63b0b-f3c1-4216-bb24-3d76f4510eea"
        ],
        "x-ms-correlation-request-id": [
          "0aa63b0b-f3c1-4216-bb24-3d76f4510eea"
        ],
        "x-ms-routing-request-id": [
          "NORTHEUROPE:20170304T104741Z:0aa63b0b-f3c1-4216-bb24-3d76f4510eea"
        ],
        "Strict-Transport-Security": [
          "max-age=31536000; includeSubDomains"
        ],
        "Cache-Control": [
          "no-cache"
        ],
        "Date": [
          "Sat, 04 Mar 2017 10:47:41 GMT"
        ]
      },
      "StatusCode": 201
    },
    {
      "RequestUri": "/subscriptions/e68d4145-c9ae-4667-925d-c51c8d88ad73/resourceGroups/hydratestdnsrg1558/providers/Microsoft.Network/trafficmanagerprofiles/hydratestwatmv2profile9488?api-version=2017-03-01",
      "EncodedRequestUri": "L3N1YnNjcmlwdGlvbnMvZTY4ZDQxNDUtYzlhZS00NjY3LTkyNWQtYzUxYzhkODhhZDczL3Jlc291cmNlR3JvdXBzL2h5ZHJhdGVzdGRuc3JnMTU1OC9wcm92aWRlcnMvTWljcm9zb2Z0Lk5ldHdvcmsvdHJhZmZpY21hbmFnZXJwcm9maWxlcy9oeWRyYXRlc3R3YXRtdjJwcm9maWxlOTQ4OD9hcGktdmVyc2lvbj0yMDE3LTAzLTAx",
      "RequestMethod": "PUT",
      "RequestBody": "{\r\n  \"properties\": {\r\n    \"profileStatus\": \"Enabled\",\r\n    \"trafficRoutingMethod\": \"Performance\",\r\n    \"dnsConfig\": {\r\n      \"relativeName\": \"foohydratestrelativeName1871\",\r\n      \"ttl\": 35\r\n    },\r\n    \"monitorConfig\": {\r\n      \"protocol\": \"http\",\r\n      \"port\": 80,\r\n      \"path\": \"/testpath.aspx\"\r\n    }\r\n  },\r\n  \"name\": \"hydratestwatmv2profile9488\",\r\n  \"type\": \"microsoft.network/trafficmanagerprofiles\",\r\n  \"location\": \"global\"\r\n}",
      "RequestHeaders": {
        "Content-Type": [
          "application/json; charset=utf-8"
        ],
        "Content-Length": [
          "435"
        ],
        "User-Agent": [
          "Microsoft.Azure.Management.TrafficManager.TrafficManagerManagementClient/1.1.0.0"
        ]
      },
      "ResponseBody": "{\r\n  \"id\": \"/subscriptions/e68d4145-c9ae-4667-925d-c51c8d88ad73/resourceGroups/hydratestdnsrg1558/providers/Microsoft.Network/trafficManagerProfiles/hydratestwatmv2profile9488\",\r\n  \"name\": \"hydratestwatmv2profile9488\",\r\n  \"type\": \"Microsoft.Network/trafficManagerProfiles\",\r\n  \"location\": \"global\",\r\n  \"properties\": {\r\n    \"profileStatus\": \"Enabled\",\r\n    \"trafficRoutingMethod\": \"Performance\",\r\n    \"dnsConfig\": {\r\n      \"relativeName\": \"foohydratestrelativename1871\",\r\n      \"fqdn\": \"foohydratestrelativename1871.tmpreview.watmtest.azure-test.net\",\r\n      \"ttl\": 35\r\n    },\r\n    \"monitorConfig\": {\r\n      \"profileMonitorStatus\": \"Inactive\",\r\n      \"protocol\": \"HTTP\",\r\n      \"port\": 80,\r\n      \"path\": \"/testpath.aspx\"\r\n    },\r\n    \"endpoints\": []\r\n  }\r\n}",
      "ResponseHeaders": {
        "Content-Length": [
          "626"
        ],
        "Content-Type": [
          "application/json; charset=utf-8"
        ],
        "X-Content-Type-Options": [
          "nosniff"
        ],
        "Strict-Transport-Security": [
          "max-age=31536000; includeSubDomains"
        ],
        "x-ms-request-id": [
          "779cdb3f-e27c-4e3e-9947-acf5d9674710"
        ],
        "x-ms-ratelimit-remaining-subscription-resource-requests": [
          "10799"
        ],
        "x-ms-correlation-request-id": [
          "e6727670-583d-40a7-8857-2ff602ba5756"
        ],
        "x-ms-routing-request-id": [
          "NORTHEUROPE:20170304T104745Z:e6727670-583d-40a7-8857-2ff602ba5756"
        ],
        "Cache-Control": [
          "private"
        ],
        "Date": [
          "Sat, 04 Mar 2017 10:47:45 GMT"
        ],
        "Server": [
          "Microsoft-IIS/8.5"
        ],
        "X-AspNet-Version": [
          "4.0.30319"
        ],
        "X-Powered-By": [
          "ASP.NET"
        ]
      },
      "StatusCode": 201
    },
    {
      "RequestUri": "/subscriptions/e68d4145-c9ae-4667-925d-c51c8d88ad73/resourceGroups/hydratestdnsrg1558/providers/Microsoft.Network/trafficmanagerprofiles/hydratestwatmv2profile9488?api-version=2017-03-01",
      "EncodedRequestUri": "L3N1YnNjcmlwdGlvbnMvZTY4ZDQxNDUtYzlhZS00NjY3LTkyNWQtYzUxYzhkODhhZDczL3Jlc291cmNlR3JvdXBzL2h5ZHJhdGVzdGRuc3JnMTU1OC9wcm92aWRlcnMvTWljcm9zb2Z0Lk5ldHdvcmsvdHJhZmZpY21hbmFnZXJwcm9maWxlcy9oeWRyYXRlc3R3YXRtdjJwcm9maWxlOTQ4OD9hcGktdmVyc2lvbj0yMDE3LTAzLTAx",
      "RequestMethod": "PUT",
      "RequestBody": "{\r\n  \"properties\": {\r\n    \"profileStatus\": \"Enabled\",\r\n    \"trafficRoutingMethod\": \"Performance\",\r\n    \"dnsConfig\": {\r\n      \"relativeName\": \"foohydratestrelativeName1871\",\r\n      \"ttl\": 35\r\n    },\r\n    \"monitorConfig\": {\r\n      \"protocol\": \"http\",\r\n      \"port\": 80,\r\n      \"path\": \"/testpath.aspx\"\r\n    },\r\n    \"endpoints\": [\r\n      {\r\n        \"name\": \"My external endpoint\",\r\n        \"type\": \"Microsoft.network/TrafficManagerProfiles/ExternalEndpoints\",\r\n        \"properties\": {\r\n          \"target\": \"foobar.contoso.com\",\r\n          \"endpointStatus\": \"Enabled\",\r\n          \"endpointLocation\": \"North Europe\"\r\n        }\r\n      }\r\n    ]\r\n  },\r\n  \"name\": \"hydratestwatmv2profile9488\",\r\n  \"type\": \"microsoft.network/trafficmanagerprofiles\",\r\n  \"location\": \"global\"\r\n}",
      "RequestHeaders": {
        "Content-Type": [
          "application/json; charset=utf-8"
        ],
        "Content-Length": [
          "766"
        ],
        "User-Agent": [
          "Microsoft.Azure.Management.TrafficManager.TrafficManagerManagementClient/1.1.0.0"
        ]
      },
      "ResponseBody": "{\r\n  \"id\": \"/subscriptions/e68d4145-c9ae-4667-925d-c51c8d88ad73/resourceGroups/hydratestdnsrg1558/providers/Microsoft.Network/trafficManagerProfiles/hydratestwatmv2profile9488\",\r\n  \"name\": \"hydratestwatmv2profile9488\",\r\n  \"type\": \"Microsoft.Network/trafficManagerProfiles\",\r\n  \"location\": \"global\",\r\n  \"properties\": {\r\n    \"profileStatus\": \"Enabled\",\r\n    \"trafficRoutingMethod\": \"Performance\",\r\n    \"dnsConfig\": {\r\n      \"relativeName\": \"foohydratestrelativename1871\",\r\n      \"fqdn\": \"foohydratestrelativename1871.tmpreview.watmtest.azure-test.net\",\r\n      \"ttl\": 35\r\n    },\r\n    \"monitorConfig\": {\r\n      \"profileMonitorStatus\": \"CheckingEndpoints\",\r\n      \"protocol\": \"HTTP\",\r\n      \"port\": 80,\r\n      \"path\": \"/testpath.aspx\"\r\n    },\r\n    \"endpoints\": [\r\n      {\r\n        \"id\": \"/subscriptions/e68d4145-c9ae-4667-925d-c51c8d88ad73/resourceGroups/hydratestdnsrg1558/providers/Microsoft.Network/trafficManagerProfiles/hydratestwatmv2profile9488/externalEndpoints/My external endpoint\",\r\n        \"name\": \"My external endpoint\",\r\n        \"type\": \"Microsoft.Network/trafficManagerProfiles/externalEndpoints\",\r\n        \"properties\": {\r\n          \"endpointStatus\": \"Enabled\",\r\n          \"endpointMonitorStatus\": \"CheckingEndpoint\",\r\n          \"target\": \"foobar.contoso.com\",\r\n          \"weight\": 1,\r\n          \"priority\": 1,\r\n          \"endpointLocation\": \"North Europe\"\r\n        }\r\n      }\r\n    ]\r\n  }\r\n}",
      "ResponseHeaders": {
        "Content-Length": [
          "1129"
        ],
        "Content-Type": [
          "application/json; charset=utf-8"
        ],
        "X-Content-Type-Options": [
          "nosniff"
        ],
        "Strict-Transport-Security": [
          "max-age=31536000; includeSubDomains"
        ],
        "x-ms-request-id": [
          "8f7695d9-5353-4a2e-b36b-3e9de1e368ef"
        ],
        "x-ms-ratelimit-remaining-subscription-resource-requests": [
          "10798"
        ],
        "x-ms-correlation-request-id": [
          "65020365-9372-4331-bb9f-229bd96367a8"
        ],
        "x-ms-routing-request-id": [
          "NORTHEUROPE:20170304T104746Z:65020365-9372-4331-bb9f-229bd96367a8"
        ],
        "Cache-Control": [
          "private"
        ],
        "Date": [
          "Sat, 04 Mar 2017 10:47:45 GMT"
        ],
        "Server": [
          "Microsoft-IIS/8.5"
        ],
        "X-AspNet-Version": [
          "4.0.30319"
        ],
        "X-Powered-By": [
          "ASP.NET"
        ]
      },
      "StatusCode": 200
    }
  ],
  "Names": {
    "CrudProfileWithoutEndpoints_ThenUpdate": [
      "hydratestwatmv2profile9488"
    ],
    "CreateResourceGroup": [
      "hydratestdnsrg1558"
    ],
    "GenerateDefaultProfile": [
      "foohydratestrelativeName1871"
    ]
  },
  "Variables": {
    "SubscriptionId": "e68d4145-c9ae-4667-925d-c51c8d88ad73"
  }
}